com\tpservers\CommandHandler\Modules\Hardware\HardwareDeviceModule.class
com\tpservers\CommandHandler\Modules\Hardware\HardwareMotherboardModule.class
com\tpservers\Repositories\SecurityRepository$Holder.class
com\tpservers\CommandHandler\Modules\Hardware\HardwareSnapshotModule.class
com\tpservers\CommandHandler\Modules\Registry\RegistryRemoteModule.class
com\tpservers\Helpers\SimpleGit.class
com\tpservers\Repositories\SystemRepository.class
com\tpservers\Helpers\SimpleWinApi.class
com\tpservers\CommandHandler\Modules\Property\PropertyRdpModule.class
com\tpservers\CommandHandler\Modules\Registry\RegistryOsModule.class
com\tpservers\Helpers\SimpleExtension.class
com\tpservers\Models\SensorState$Holder.class
com\tpservers\CommandHandler\Modules\Launch\LaunchPropertiesUpdateModule.class
com\tpservers\CommandHandler\Modules\Hardware\HardwareRamModule.class
com\tpservers\Helpers\SimpleEnv.class
com\tpservers\Services\Facade\CommandService.class
com\tpservers\Repositories\MetaRespository.class
com\tpservers\CommandHandler\Modules\Sensor\SensorControllerModule.class
com\tpservers\Services\Facade\LifecycleHookerService.class
com\tpservers\CommandHandler\Modules\Property\PropertyIpAddressModule.class
com\tpservers\Helpers\SimpleWinApi$WinApiResult.class
com\tpservers\CommandHandler\Modules\Sensor\SensorHeartbeatModule.class
com\tpservers\CommandHandler\Modules\Sensor\SensorSnapshotModule.class
com\tpservers\CommandHandler\Modules\Snapshot\SnapshotHardwareModule.class
com\tpservers\Services\Facade\ConfigService.class
com\tpservers\CommandHandler\Modules\Launch\LaunchSetWallpaperModule.class
com\tpservers\Helpers\SimpleFiles.class
com\tpservers\CommandHandler\Modules\Sensor\SensorMotherboardModule.class
com\tpservers\CommandHandler\Modules\Property\PropertyEventLogModule.class
com\tpservers\Helpers\SimpleWinApi$User32.class
com\tpservers\CommandHandler\Modules\Sensor\SensorOtherModule.class
com\tpservers\CommandHandler\Modules\Launch\LaunchUpdateModule.class
com\tpservers\Repositories\MetaRespository$Holder.class
com\tpservers\CommandHandler\Modules\Sensor\SensorTemperatureModule.class
com\tpservers\Services\Facade\RequestService.class
com\tpservers\Core\RequestCore.class
com\tpservers\Repositories\SecurityRepository.class
com\tpservers\Services\Facade\ConfigService$Holder.class
com\tpservers\CommandHandler\Modules\Sensor\SensorStorageModule.class
com\tpservers\Services\Facade\ConsoleService.class
com\tpservers\Helpers\SimplePath.class
com\tpservers\Helpers\SimplePowershell.class
com\tpservers\Services\Facade\HardwareService$Holder.class
com\tpservers\Helpers\SimpleExtension$DetectResult.class
com\tpservers\Services\Facade\CommandService$Holder.class
com\tpservers\CommandHandler\Modules\Property\PropertyDnsModule.class
com\tpservers\CommandHandler\Modules\Launch\LaunchPropertiesUpdateCompatibleModule.class
com\tpservers\CommandHandler\Modules\Hardware\HardwareCpuModule.class
com\tpservers\CommandHandler\Modules\Hardware\HardwareProfileModule.class
com\tpservers\CommandHandler\Modules\Sensor\SensorNetworkModule.class
com\tpservers\Helpers\SimpleWinApi$Kernel32.class
com\tpservers\CommandHandler\Modules\Sensor\SensorBatteryModule.class
com\tpservers\CommandHandler\Modules\Sensor\SensorPsuModule.class
com\tpservers\Services\Facade\PoolThreadService$Holder.class
com\tpservers\CommandHandler\Modules\Hardware\HardwareNetworkModule.class
com\tpservers\Services\Service$Holder.class
com\tpservers\Services\Facade\ListenerService.class
com\tpservers\Services\Facade\MqttService$Holder.class
com\tpservers\CommandHandler\Modules\Health\HealthHeartbeatModule.class
com\tpservers\Core\ResponseCore.class
com\tpservers\CommandHandler\Modules\Hardware\HardwarePsuModule.class
com\tpservers\CommandHandler\Modules\Sensor\SensorInfoModule.class
com\tpservers\Services\Facade\SensorService$Holder.class
com\tpservers\CommandHandler\Modules\Sensor\SensorCpuModule.class
com\tpservers\Services\Facade\EventHandlerService.class
com\tpservers\CommandHandler\Modules\Snapshot\SnapshotRegistryModule.class
com\tpservers\Services\Facade\LifecycleHookerService$Holder.class
com\tpservers\Services\Facade\RdpPortRewriteService.class
com\tpservers\CommandHandler\Modules\Launch\LaunchCurrentVersionModule.class
com\tpservers\CommandHandler\Modules\Sensor\SensorMemoryModule.class
com\tpservers\Services\Facade\SetupService.class
com\tpservers\CommandHandler\Modules\Property\PropertyGatewayModule.class
com\tpservers\Services\Facade\HardwareService.class
com\tpservers\Services\Facade\SensorService.class
com\tpservers\Services\Facade\EventHandlerService$Holder.class
com\tpservers\Core\RequestCore$Holder.class
com\tpservers\CommandHandler\Modules\Registry\RegistryFirewallModule.class
com\tpservers\Services\Facade\PoolThreadService.class
com\tpservers\Repositories\SystemRepository$Holder.class
com\tpservers\CommandHandler\Modules\Hardware\HardwareOsModule.class
com\tpservers\Helpers\SimpleProcess.class
com\tpservers\Services\Facade\LauncherCompatibleService.class
com\tpservers\CommandHandler\Modules\Hardware\HardwareGpuModule.class
com\tpservers\Services\Service.class
com\tpservers\Services\Facade\RequestService$Holder.class
com\tpservers\Services\Facade\SchedulerService.class
com\tpservers\CommandHandler\Modules\Sensor\SensorLoadModule.class
com\tpservers\Services\Facade\MqttService.class
com\tpservers\CommandHandler\Modules\Power\PowerResetModule.class
com\tpservers\App.class
com\tpservers\CommandHandler\Modules\Sensor\SensorGpuModule.class
com\tpservers\CommandHandler\Modules\Snapshot\SnapshotPropertyModule.class
com\tpservers\Services\Facade\ResponseService.class
com\tpservers\Models\SensorState.class
com\tpservers\Helpers\SimpleString.class
com\tpservers\CommandHandler\Modules\Registry\RegistryShutdownModule.class
com\tpservers\Services\Facade\ConsoleService$Holder.class
com\tpservers\CommandHandler\Modules\Power\PowerShutdownModue.class
com\tpservers\CommandHandler\Modules\Health\HealthNetworkModule.class
com\tpservers\CommandHandler\Modules\Hardware\HardwareMacModule.class
com\tpservers\CommandHandler\Modules\Hardware\HardwareDiskModule.class
com\tpservers\Services\Facade\HeartbeatService.class
com\tpservers\CommandHandler\Modules\Property\PropertyNetworkModule.class
com\tpservers\CommandHandler\Modules\Registry\RegistryStartupModule.class
com\tpservers\CommandHandler\Modules\Sensor\SensorRawModule.class
