C:\Users\Administrator\Desktop\1.8.0\dev-tp-net-client\tp-net-client-agent\source\src\main\java\com\tpservers\App.java
C:\Users\Administrator\Desktop\1.8.0\dev-tp-net-client\tp-net-client-agent\source\src\main\java\com\tpservers\CommandHandler\Modules\Hardware\HardwareCpuModule.java
C:\Users\Administrator\Desktop\1.8.0\dev-tp-net-client\tp-net-client-agent\source\src\main\java\com\tpservers\CommandHandler\Modules\Hardware\HardwareDeviceModule.java
C:\Users\Administrator\Desktop\1.8.0\dev-tp-net-client\tp-net-client-agent\source\src\main\java\com\tpservers\CommandHandler\Modules\Hardware\HardwareDiskModule.java
C:\Users\Administrator\Desktop\1.8.0\dev-tp-net-client\tp-net-client-agent\source\src\main\java\com\tpservers\CommandHandler\Modules\Hardware\HardwareGpuModule.java
C:\Users\Administrator\Desktop\1.8.0\dev-tp-net-client\tp-net-client-agent\source\src\main\java\com\tpservers\CommandHandler\Modules\Hardware\HardwareMacModule.java
C:\Users\Administrator\Desktop\1.8.0\dev-tp-net-client\tp-net-client-agent\source\src\main\java\com\tpservers\CommandHandler\Modules\Hardware\HardwareMotherboardModule.java
C:\Users\Administrator\Desktop\1.8.0\dev-tp-net-client\tp-net-client-agent\source\src\main\java\com\tpservers\CommandHandler\Modules\Hardware\HardwareNetworkModule.java
C:\Users\Administrator\Desktop\1.8.0\dev-tp-net-client\tp-net-client-agent\source\src\main\java\com\tpservers\CommandHandler\Modules\Hardware\HardwareOsModule.java
C:\Users\Administrator\Desktop\1.8.0\dev-tp-net-client\tp-net-client-agent\source\src\main\java\com\tpservers\CommandHandler\Modules\Hardware\HardwareProfileModule.java
C:\Users\Administrator\Desktop\1.8.0\dev-tp-net-client\tp-net-client-agent\source\src\main\java\com\tpservers\CommandHandler\Modules\Hardware\HardwarePsuModule.java
C:\Users\Administrator\Desktop\1.8.0\dev-tp-net-client\tp-net-client-agent\source\src\main\java\com\tpservers\CommandHandler\Modules\Hardware\HardwareRamModule.java
C:\Users\Administrator\Desktop\1.8.0\dev-tp-net-client\tp-net-client-agent\source\src\main\java\com\tpservers\CommandHandler\Modules\Hardware\HardwareSnapshotModule.java
C:\Users\Administrator\Desktop\1.8.0\dev-tp-net-client\tp-net-client-agent\source\src\main\java\com\tpservers\CommandHandler\Modules\Health\HealthHeartbeatModule.java
C:\Users\Administrator\Desktop\1.8.0\dev-tp-net-client\tp-net-client-agent\source\src\main\java\com\tpservers\CommandHandler\Modules\Health\HealthNetworkModule.java
C:\Users\Administrator\Desktop\1.8.0\dev-tp-net-client\tp-net-client-agent\source\src\main\java\com\tpservers\CommandHandler\Modules\Launch\LaunchCurrentVersionModule.java
C:\Users\Administrator\Desktop\1.8.0\dev-tp-net-client\tp-net-client-agent\source\src\main\java\com\tpservers\CommandHandler\Modules\Launch\LaunchPropertiesUpdateCompatibleModule.java
C:\Users\Administrator\Desktop\1.8.0\dev-tp-net-client\tp-net-client-agent\source\src\main\java\com\tpservers\CommandHandler\Modules\Launch\LaunchPropertiesUpdateModule.java
C:\Users\Administrator\Desktop\1.8.0\dev-tp-net-client\tp-net-client-agent\source\src\main\java\com\tpservers\CommandHandler\Modules\Launch\LaunchSetWallpaperModule.java
C:\Users\Administrator\Desktop\1.8.0\dev-tp-net-client\tp-net-client-agent\source\src\main\java\com\tpservers\CommandHandler\Modules\Launch\LaunchUpdateModule.java
C:\Users\Administrator\Desktop\1.8.0\dev-tp-net-client\tp-net-client-agent\source\src\main\java\com\tpservers\CommandHandler\Modules\Power\PowerOnModule.java
C:\Users\Administrator\Desktop\1.8.0\dev-tp-net-client\tp-net-client-agent\source\src\main\java\com\tpservers\CommandHandler\Modules\Power\PowerResetModule.java
C:\Users\Administrator\Desktop\1.8.0\dev-tp-net-client\tp-net-client-agent\source\src\main\java\com\tpservers\CommandHandler\Modules\Power\PowerShutdownModue.java
C:\Users\Administrator\Desktop\1.8.0\dev-tp-net-client\tp-net-client-agent\source\src\main\java\com\tpservers\CommandHandler\Modules\Property\PropertyDnsModule.java
C:\Users\Administrator\Desktop\1.8.0\dev-tp-net-client\tp-net-client-agent\source\src\main\java\com\tpservers\CommandHandler\Modules\Property\PropertyEventLogModule.java
C:\Users\Administrator\Desktop\1.8.0\dev-tp-net-client\tp-net-client-agent\source\src\main\java\com\tpservers\CommandHandler\Modules\Property\PropertyGatewayModule.java
C:\Users\Administrator\Desktop\1.8.0\dev-tp-net-client\tp-net-client-agent\source\src\main\java\com\tpservers\CommandHandler\Modules\Property\PropertyIpAddressModule.java
C:\Users\Administrator\Desktop\1.8.0\dev-tp-net-client\tp-net-client-agent\source\src\main\java\com\tpservers\CommandHandler\Modules\Property\PropertyNetworkModule.java
C:\Users\Administrator\Desktop\1.8.0\dev-tp-net-client\tp-net-client-agent\source\src\main\java\com\tpservers\CommandHandler\Modules\Property\PropertyRdpModule.java
C:\Users\Administrator\Desktop\1.8.0\dev-tp-net-client\tp-net-client-agent\source\src\main\java\com\tpservers\CommandHandler\Modules\Registry\RegistryFirewallModule.java
C:\Users\Administrator\Desktop\1.8.0\dev-tp-net-client\tp-net-client-agent\source\src\main\java\com\tpservers\CommandHandler\Modules\Registry\RegistryOsModule.java
C:\Users\Administrator\Desktop\1.8.0\dev-tp-net-client\tp-net-client-agent\source\src\main\java\com\tpservers\CommandHandler\Modules\Registry\RegistryRemoteModule.java
C:\Users\Administrator\Desktop\1.8.0\dev-tp-net-client\tp-net-client-agent\source\src\main\java\com\tpservers\CommandHandler\Modules\Registry\RegistryShutdownModule.java
C:\Users\Administrator\Desktop\1.8.0\dev-tp-net-client\tp-net-client-agent\source\src\main\java\com\tpservers\CommandHandler\Modules\Registry\RegistryStartupModule.java
C:\Users\Administrator\Desktop\1.8.0\dev-tp-net-client\tp-net-client-agent\source\src\main\java\com\tpservers\CommandHandler\Modules\Sensor\SensorBatteryModule.java
C:\Users\Administrator\Desktop\1.8.0\dev-tp-net-client\tp-net-client-agent\source\src\main\java\com\tpservers\CommandHandler\Modules\Sensor\SensorControllerModule.java
C:\Users\Administrator\Desktop\1.8.0\dev-tp-net-client\tp-net-client-agent\source\src\main\java\com\tpservers\CommandHandler\Modules\Sensor\SensorCpuModule.java
C:\Users\Administrator\Desktop\1.8.0\dev-tp-net-client\tp-net-client-agent\source\src\main\java\com\tpservers\CommandHandler\Modules\Sensor\SensorGpuModule.java
C:\Users\Administrator\Desktop\1.8.0\dev-tp-net-client\tp-net-client-agent\source\src\main\java\com\tpservers\CommandHandler\Modules\Sensor\SensorHeartbeatModule.java
C:\Users\Administrator\Desktop\1.8.0\dev-tp-net-client\tp-net-client-agent\source\src\main\java\com\tpservers\CommandHandler\Modules\Sensor\SensorInfoModule.java
C:\Users\Administrator\Desktop\1.8.0\dev-tp-net-client\tp-net-client-agent\source\src\main\java\com\tpservers\CommandHandler\Modules\Sensor\SensorLoadModule.java
C:\Users\Administrator\Desktop\1.8.0\dev-tp-net-client\tp-net-client-agent\source\src\main\java\com\tpservers\CommandHandler\Modules\Sensor\SensorMemoryModule.java
C:\Users\Administrator\Desktop\1.8.0\dev-tp-net-client\tp-net-client-agent\source\src\main\java\com\tpservers\CommandHandler\Modules\Sensor\SensorMotherboardModule.java
C:\Users\Administrator\Desktop\1.8.0\dev-tp-net-client\tp-net-client-agent\source\src\main\java\com\tpservers\CommandHandler\Modules\Sensor\SensorNetworkModule.java
C:\Users\Administrator\Desktop\1.8.0\dev-tp-net-client\tp-net-client-agent\source\src\main\java\com\tpservers\CommandHandler\Modules\Sensor\SensorOtherModule.java
C:\Users\Administrator\Desktop\1.8.0\dev-tp-net-client\tp-net-client-agent\source\src\main\java\com\tpservers\CommandHandler\Modules\Sensor\SensorPsuModule.java
C:\Users\Administrator\Desktop\1.8.0\dev-tp-net-client\tp-net-client-agent\source\src\main\java\com\tpservers\CommandHandler\Modules\Sensor\SensorRawModule.java
C:\Users\Administrator\Desktop\1.8.0\dev-tp-net-client\tp-net-client-agent\source\src\main\java\com\tpservers\CommandHandler\Modules\Sensor\SensorSnapshotModule.java
C:\Users\Administrator\Desktop\1.8.0\dev-tp-net-client\tp-net-client-agent\source\src\main\java\com\tpservers\CommandHandler\Modules\Sensor\SensorStorageModule.java
C:\Users\Administrator\Desktop\1.8.0\dev-tp-net-client\tp-net-client-agent\source\src\main\java\com\tpservers\CommandHandler\Modules\Sensor\SensorTemperatureModule.java
C:\Users\Administrator\Desktop\1.8.0\dev-tp-net-client\tp-net-client-agent\source\src\main\java\com\tpservers\CommandHandler\Modules\Snapshot\SnapshotHardwareModule.java
C:\Users\Administrator\Desktop\1.8.0\dev-tp-net-client\tp-net-client-agent\source\src\main\java\com\tpservers\CommandHandler\Modules\Snapshot\SnapshotPropertyModule.java
C:\Users\Administrator\Desktop\1.8.0\dev-tp-net-client\tp-net-client-agent\source\src\main\java\com\tpservers\CommandHandler\Modules\Snapshot\SnapshotRegistryModule.java
C:\Users\Administrator\Desktop\1.8.0\dev-tp-net-client\tp-net-client-agent\source\src\main\java\com\tpservers\Core\RequestCore.java
C:\Users\Administrator\Desktop\1.8.0\dev-tp-net-client\tp-net-client-agent\source\src\main\java\com\tpservers\Core\ResponseCore.java
C:\Users\Administrator\Desktop\1.8.0\dev-tp-net-client\tp-net-client-agent\source\src\main\java\com\tpservers\Helpers\SimpleEnv.java
C:\Users\Administrator\Desktop\1.8.0\dev-tp-net-client\tp-net-client-agent\source\src\main\java\com\tpservers\Helpers\SimpleExtension.java
C:\Users\Administrator\Desktop\1.8.0\dev-tp-net-client\tp-net-client-agent\source\src\main\java\com\tpservers\Helpers\SimpleFiles.java
C:\Users\Administrator\Desktop\1.8.0\dev-tp-net-client\tp-net-client-agent\source\src\main\java\com\tpservers\Helpers\SimpleGit.java
C:\Users\Administrator\Desktop\1.8.0\dev-tp-net-client\tp-net-client-agent\source\src\main\java\com\tpservers\Helpers\SimplePath.java
C:\Users\Administrator\Desktop\1.8.0\dev-tp-net-client\tp-net-client-agent\source\src\main\java\com\tpservers\Helpers\SimplePowershell.java
C:\Users\Administrator\Desktop\1.8.0\dev-tp-net-client\tp-net-client-agent\source\src\main\java\com\tpservers\Helpers\SimpleProcess.java
C:\Users\Administrator\Desktop\1.8.0\dev-tp-net-client\tp-net-client-agent\source\src\main\java\com\tpservers\Helpers\SimpleString.java
C:\Users\Administrator\Desktop\1.8.0\dev-tp-net-client\tp-net-client-agent\source\src\main\java\com\tpservers\Helpers\SimpleWinApi.java
C:\Users\Administrator\Desktop\1.8.0\dev-tp-net-client\tp-net-client-agent\source\src\main\java\com\tpservers\Models\SensorState.java
C:\Users\Administrator\Desktop\1.8.0\dev-tp-net-client\tp-net-client-agent\source\src\main\java\com\tpservers\Repositories\MetaRespository.java
C:\Users\Administrator\Desktop\1.8.0\dev-tp-net-client\tp-net-client-agent\source\src\main\java\com\tpservers\Repositories\SecurityRepository.java
C:\Users\Administrator\Desktop\1.8.0\dev-tp-net-client\tp-net-client-agent\source\src\main\java\com\tpservers\Repositories\SystemRepository.java
C:\Users\Administrator\Desktop\1.8.0\dev-tp-net-client\tp-net-client-agent\source\src\main\java\com\tpservers\Services\Facade\CommandService.java
C:\Users\Administrator\Desktop\1.8.0\dev-tp-net-client\tp-net-client-agent\source\src\main\java\com\tpservers\Services\Facade\ConfigService.java
C:\Users\Administrator\Desktop\1.8.0\dev-tp-net-client\tp-net-client-agent\source\src\main\java\com\tpservers\Services\Facade\ConsoleService.java
C:\Users\Administrator\Desktop\1.8.0\dev-tp-net-client\tp-net-client-agent\source\src\main\java\com\tpservers\Services\Facade\EventHandlerService.java
C:\Users\Administrator\Desktop\1.8.0\dev-tp-net-client\tp-net-client-agent\source\src\main\java\com\tpservers\Services\Facade\HardwareService.java
C:\Users\Administrator\Desktop\1.8.0\dev-tp-net-client\tp-net-client-agent\source\src\main\java\com\tpservers\Services\Facade\HeartbeatService.java
C:\Users\Administrator\Desktop\1.8.0\dev-tp-net-client\tp-net-client-agent\source\src\main\java\com\tpservers\Services\Facade\LauncherCompatibleService.java
C:\Users\Administrator\Desktop\1.8.0\dev-tp-net-client\tp-net-client-agent\source\src\main\java\com\tpservers\Services\Facade\LifecycleHookerService.java
C:\Users\Administrator\Desktop\1.8.0\dev-tp-net-client\tp-net-client-agent\source\src\main\java\com\tpservers\Services\Facade\ListenerService.java
C:\Users\Administrator\Desktop\1.8.0\dev-tp-net-client\tp-net-client-agent\source\src\main\java\com\tpservers\Services\Facade\MqttService.java
C:\Users\Administrator\Desktop\1.8.0\dev-tp-net-client\tp-net-client-agent\source\src\main\java\com\tpservers\Services\Facade\PoolThreadService.java
C:\Users\Administrator\Desktop\1.8.0\dev-tp-net-client\tp-net-client-agent\source\src\main\java\com\tpservers\Services\Facade\RdpPortRewriteService.java
C:\Users\Administrator\Desktop\1.8.0\dev-tp-net-client\tp-net-client-agent\source\src\main\java\com\tpservers\Services\Facade\RequestService.java
C:\Users\Administrator\Desktop\1.8.0\dev-tp-net-client\tp-net-client-agent\source\src\main\java\com\tpservers\Services\Facade\ResponseService.java
C:\Users\Administrator\Desktop\1.8.0\dev-tp-net-client\tp-net-client-agent\source\src\main\java\com\tpservers\Services\Facade\SchedulerService.java
C:\Users\Administrator\Desktop\1.8.0\dev-tp-net-client\tp-net-client-agent\source\src\main\java\com\tpservers\Services\Facade\SensorService.java
C:\Users\Administrator\Desktop\1.8.0\dev-tp-net-client\tp-net-client-agent\source\src\main\java\com\tpservers\Services\Facade\SetupService.java
C:\Users\Administrator\Desktop\1.8.0\dev-tp-net-client\tp-net-client-agent\source\src\main\java\com\tpservers\Services\Service.java
